
> pdf-editor@0.1.0 build
> next build

Γû▓ Next.js 16.1.6 (Turbopack)
- Experiments (use with caution):
  ┬╖ serverActions

  Creating an optimized production build ...
Γ£ô Compiled successfully in 7.8s
  Running TypeScript ...
npm : Failed to compile.
At line:1 char:1
+ npm run build > build_output.log 2>&1
+ ~~~~~~~~~~~~~~~~~~~~~~~~~~~~~~~~~~~~~
    + CategoryInfo          : NotSpecified: (F 
   ailed to compile.:String) [], RemoteExcept  
  ion
    + FullyQualifiedErrorId : NativeCommandErr 
   or
 

./app/redact-pdf/redact/page.tsx:706:36
Type error: Type 'Uint8Array<ArrayBufferLike>' 
is not assignable to type 'BlobPart'.
  Type 'Uint8Array<ArrayBufferLike>' is not 
assignable to type 
'ArrayBufferView<ArrayBuffer>'.
    Types of property 'buffer' are 
incompatible.
      Type 'ArrayBufferLike' is not assignable 
to type 'ArrayBuffer'.
        Type 'SharedArrayBuffer' is missing 
the following properties from type 
'ArrayBuffer': resizable, resize, detached, 
transfer, transferToFixedLength

[0m [90m 704 |[39m             
[36mconst[39m bytes [33m=[39m 
[36mawait[39m 
embedRedactionsToPdf(file[33m,[39m 
redactions[33m,[39m pages)[33m;[39m
 [90m 705 |[39m             [90m// 
Construct Blob correctly from Uint8Array (not 
via unknown cast)[39m
[31m[1m>[22m[39m[90m 706 |[39m           
  [36mconst[39m blob [33m=[39m 
[36mnew[39m 
[33mBlob[39m([bytes][33m,[39m { 
type[33m:[39m [32m"application/pdf"[39m 
})[33m;[39m
 [90m     |[39m                              
      [31m[1m^[22m[39m
 [90m 707 |[39m             [36mconst[39m 
fname [33m=[39m file[33m.[39mname[33m.[39
mreplace([35m/\.pdf$/i[39m[33m,[39m 
[32m"_redacted.pdf"[39m)[33m;[39m
 [90m 708 |[39m
 [90m 709 |[39m             [90m// Inline 
download with delayed URL revoke so browser 
starts download first[39m[0m
Next.js build worker exited with code: 1 and 
signal: null
