app/sign-pdf/sign/page.tsx(2,8): error TS1259: Module '"C:/Users/Acer/OneDrive/Desktop/Fishtail-Work/pdf-editor/node_modules/@types/react/index"' can only be default-imported using the 'esModuleInterop' flag
app/sign-pdf/sign/page.tsx(9,20): error TS2307: Cannot find module '@/components/Navbar' or its corresponding type declarations.
app/sign-pdf/sign/page.tsx(32,28): error TS2307: Cannot find module '@/components/ui/file-upload' or its corresponding type declarations.
app/sign-pdf/sign/page.tsx(33,23): error TS2307: Cannot find module '@/lib/file-store' or its corresponding type declarations.
app/sign-pdf/sign/page.tsx(34,30): error TS2307: Cannot find module '@/lib/pdf-utils' or its corresponding type declarations.
app/sign-pdf/sign/page.tsx(133,9): error TS1343: The 'import.meta' meta-property is only allowed when the '--module' option is 'es2020', 'es2022', 'esnext', 'system', 'node16', 'node18', 'node20', or 'nodenext'.
app/sign-pdf/sign/page.tsx(264,9): error TS17004: Cannot use JSX unless the '--jsx' flag is provided.
app/sign-pdf/sign/page.tsx(265,13): error TS17004: Cannot use JSX unless the '--jsx' flag is provided.
app/sign-pdf/sign/page.tsx(266,17): error TS17004: Cannot use JSX unless the '--jsx' flag is provided.
app/sign-pdf/sign/page.tsx(281,21): error TS17004: Cannot use JSX unless the '--jsx' flag is provided.
app/sign-pdf/sign/page.tsx(282,25): error TS17004: Cannot use JSX unless the '--jsx' flag is provided.
app/sign-pdf/sign/page.tsx(286,13): error TS17004: Cannot use JSX unless the '--jsx' flag is provided.
app/sign-pdf/sign/page.tsx(287,17): error TS17004: Cannot use JSX unless the '--jsx' flag is provided.
app/sign-pdf/sign/page.tsx(293,17): error TS17004: Cannot use JSX unless the '--jsx' flag is provided.
app/sign-pdf/sign/page.tsx(386,9): error TS17004: Cannot use JSX unless the '--jsx' flag is provided.
app/sign-pdf/sign/page.tsx(387,13): error TS17004: Cannot use JSX unless the '--jsx' flag is provided.
app/sign-pdf/sign/page.tsx(395,17): error TS17004: Cannot use JSX unless the '--jsx' flag is provided.
app/sign-pdf/sign/page.tsx(404,21): error TS17004: Cannot use JSX unless the '--jsx' flag is provided.
app/sign-pdf/sign/page.tsx(405,25): error TS17004: Cannot use JSX unless the '--jsx' flag is provided.
app/sign-pdf/sign/page.tsx(406,29): error TS17004: Cannot use JSX unless the '--jsx' flag is provided.
app/sign-pdf/sign/page.tsx(407,29): error TS17004: Cannot use JSX unless the '--jsx' flag is provided.
app/sign-pdf/sign/page.tsx(409,25): error TS17004: Cannot use JSX unless the '--jsx' flag is provided.
app/sign-pdf/sign/page.tsx(413,29): error TS17004: Cannot use JSX unless the '--jsx' flag is provided.
app/sign-pdf/sign/page.tsx(417,21): error TS17004: Cannot use JSX unless the '--jsx' flag is provided.
app/sign-pdf/sign/page.tsx(419,25): error TS17004: Cannot use JSX unless the '--jsx' flag is provided.
app/sign-pdf/sign/page.tsx(420,29): error TS17004: Cannot use JSX unless the '--jsx' flag is provided.
app/sign-pdf/sign/page.tsx(421,33): error TS17004: Cannot use JSX unless the '--jsx' flag is provided.
app/sign-pdf/sign/page.tsx(422,33): error TS17004: Cannot use JSX unless the '--jsx' flag is provided.
app/sign-pdf/sign/page.tsx(430,29): error TS17004: Cannot use JSX unless the '--jsx' flag is provided.
app/sign-pdf/sign/page.tsx(431,33): error TS17004: Cannot use JSX unless the '--jsx' flag is provided.
app/sign-pdf/sign/page.tsx(432,33): error TS17004: Cannot use JSX unless the '--jsx' flag is provided.
app/sign-pdf/sign/page.tsx(444,25): error TS17004: Cannot use JSX unless the '--jsx' flag is provided.
app/sign-pdf/sign/page.tsx(446,75): error TS17004: Cannot use JSX unless the '--jsx' flag is provided.
app/sign-pdf/sign/page.tsx(447,70): error TS17004: Cannot use JSX unless the '--jsx' flag is provided.
app/sign-pdf/sign/page.tsx(448,78): error TS17004: Cannot use JSX unless the '--jsx' flag is provided.
app/sign-pdf/sign/page.tsx(450,33): error TS17004: Cannot use JSX unless the '--jsx' flag is provided.
app/sign-pdf/sign/page.tsx(466,29): error TS17004: Cannot use JSX unless the '--jsx' flag is provided.
app/sign-pdf/sign/page.tsx(468,33): error TS17004: Cannot use JSX unless the '--jsx' flag is provided.
app/sign-pdf/sign/page.tsx(469,37): error TS17004: Cannot use JSX unless the '--jsx' flag is provided.
app/sign-pdf/sign/page.tsx(475,37): error TS17004: Cannot use JSX unless the '--jsx' flag is provided.
app/sign-pdf/sign/page.tsx(484,33): error TS17004: Cannot use JSX unless the '--jsx' flag is provided.
app/sign-pdf/sign/page.tsx(486,41): error TS17004: Cannot use JSX unless the '--jsx' flag is provided.
app/sign-pdf/sign/page.tsx(494,45): error TS17004: Cannot use JSX unless the '--jsx' flag is provided.
app/sign-pdf/sign/page.tsx(497,72): error TS17004: Cannot use JSX unless the '--jsx' flag is provided.
app/sign-pdf/sign/page.tsx(499,45): error TS17004: Cannot use JSX unless the '--jsx' flag is provided.
app/sign-pdf/sign/page.tsx(514,33): error TS17004: Cannot use JSX unless the '--jsx' flag is provided.
app/sign-pdf/sign/page.tsx(515,37): error TS17004: Cannot use JSX unless the '--jsx' flag is provided.
app/sign-pdf/sign/page.tsx(516,37): error TS17004: Cannot use JSX unless the '--jsx' flag is provided.
app/sign-pdf/sign/page.tsx(518,45): error TS17004: Cannot use JSX unless the '--jsx' flag is provided.
app/sign-pdf/sign/page.tsx(530,33): error TS17004: Cannot use JSX unless the '--jsx' flag is provided.
app/sign-pdf/sign/page.tsx(531,37): error TS17004: Cannot use JSX unless the '--jsx' flag is provided.
app/sign-pdf/sign/page.tsx(537,37): error TS17004: Cannot use JSX unless the '--jsx' flag is provided.
app/sign-pdf/sign/page.tsx(550,29): error TS17004: Cannot use JSX unless the '--jsx' flag is provided.
app/sign-pdf/sign/page.tsx(555,29): error TS17004: Cannot use JSX unless the '--jsx' flag is provided.
app/sign-pdf/sign/page.tsx(557,37): error TS17004: Cannot use JSX unless the '--jsx' flag is provided.
app/sign-pdf/sign/page.tsx(558,41): error TS17004: Cannot use JSX unless the '--jsx' flag is provided.
app/sign-pdf/sign/page.tsx(560,45): error TS17004: Cannot use JSX unless the '--jsx' flag is provided.
app/sign-pdf/sign/page.tsx(561,45): error TS17004: Cannot use JSX unless the '--jsx' flag is provided.
app/sign-pdf/sign/page.tsx(562,49): error TS17004: Cannot use JSX unless the '--jsx' flag is provided.
app/sign-pdf/sign/page.tsx(565,41): error TS17004: Cannot use JSX unless the '--jsx' flag is provided.
app/sign-pdf/sign/page.tsx(566,45): error TS17004: Cannot use JSX unless the '--jsx' flag is provided.
app/sign-pdf/sign/page.tsx(575,37): error TS17004: Cannot use JSX unless the '--jsx' flag is provided.
app/sign-pdf/sign/page.tsx(576,41): error TS17004: Cannot use JSX unless the '--jsx' flag is provided.
app/sign-pdf/sign/page.tsx(608,9): error TS17004: Cannot use JSX unless the '--jsx' flag is provided.
app/sign-pdf/sign/page.tsx(610,13): error TS17004: Cannot use JSX unless the '--jsx' flag is provided.
app/sign-pdf/sign/page.tsx(612,21): error TS17004: Cannot use JSX unless the '--jsx' flag is provided.
app/sign-pdf/sign/page.tsx(613,25): error TS17004: Cannot use JSX unless the '--jsx' flag is provided.
app/sign-pdf/sign/page.tsx(625,29): error TS17004: Cannot use JSX unless the '--jsx' flag is provided.
app/sign-pdf/sign/page.tsx(626,33): error TS17004: Cannot use JSX unless the '--jsx' flag is provided.
app/sign-pdf/sign/page.tsx(636,25): error TS17004: Cannot use JSX unless the '--jsx' flag is provided.
app/sign-pdf/sign/page.tsx(702,9): error TS17004: Cannot use JSX unless the '--jsx' flag is provided.
app/sign-pdf/sign/page.tsx(715,13): error TS17004: Cannot use JSX unless the '--jsx' flag is provided.
app/sign-pdf/sign/page.tsx(718,17): error TS17004: Cannot use JSX unless the '--jsx' flag is provided.
app/sign-pdf/sign/page.tsx(727,13): error TS17004: Cannot use JSX unless the '--jsx' flag is provided.
app/sign-pdf/sign/page.tsx(729,21): error TS17004: Cannot use JSX unless the '--jsx' flag is provided.
app/sign-pdf/sign/page.tsx(736,25): error TS17004: Cannot use JSX unless the '--jsx' flag is provided.
app/sign-pdf/sign/page.tsx(742,13): error TS17004: Cannot use JSX unless the '--jsx' flag is provided.
app/sign-pdf/sign/page.tsx(747,21): error TS17004: Cannot use JSX unless the '--jsx' flag is provided.
app/sign-pdf/sign/page.tsx(748,25): error TS17004: Cannot use JSX unless the '--jsx' flag is provided.
app/sign-pdf/sign/page.tsx(974,13): error TS17004: Cannot use JSX unless the '--jsx' flag is provided.
app/sign-pdf/sign/page.tsx(975,17): error TS17004: Cannot use JSX unless the '--jsx' flag is provided.
app/sign-pdf/sign/page.tsx(976,17): error TS17004: Cannot use JSX unless the '--jsx' flag is provided.
app/sign-pdf/sign/page.tsx(977,21): error TS17004: Cannot use JSX unless the '--jsx' flag is provided.
app/sign-pdf/sign/page.tsx(978,25): error TS17004: Cannot use JSX unless the '--jsx' flag is provided.
app/sign-pdf/sign/page.tsx(979,25): error TS17004: Cannot use JSX unless the '--jsx' flag is provided.
app/sign-pdf/sign/page.tsx(990,9): error TS17004: Cannot use JSX unless the '--jsx' flag is provided.
app/sign-pdf/sign/page.tsx(991,13): error TS17004: Cannot use JSX unless the '--jsx' flag is provided.
app/sign-pdf/sign/page.tsx(994,13): error TS17004: Cannot use JSX unless the '--jsx' flag is provided.
app/sign-pdf/sign/page.tsx(995,17): error TS17004: Cannot use JSX unless the '--jsx' flag is provided.
app/sign-pdf/sign/page.tsx(996,21): error TS17004: Cannot use JSX unless the '--jsx' flag is provided.
app/sign-pdf/sign/page.tsx(997,25): error TS17004: Cannot use JSX unless the '--jsx' flag is provided.
app/sign-pdf/sign/page.tsx(1002,29): error TS17004: Cannot use JSX unless the '--jsx' flag is provided.
app/sign-pdf/sign/page.tsx(1007,21): error TS17004: Cannot use JSX unless the '--jsx' flag is provided.
app/sign-pdf/sign/page.tsx(1008,25): error TS17004: Cannot use JSX unless the '--jsx' flag is provided.
app/sign-pdf/sign/page.tsx(1009,29): error TS17004: Cannot use JSX unless the '--jsx' flag is provided.
app/sign-pdf/sign/page.tsx(1011,25): error TS17004: Cannot use JSX unless the '--jsx' flag is provided.
app/sign-pdf/sign/page.tsx(1012,29): error TS17004: Cannot use JSX unless the '--jsx' flag is provided.
app/sign-pdf/sign/page.tsx(1013,29): error TS17004: Cannot use JSX unless the '--jsx' flag is provided.
app/sign-pdf/sign/page.tsx(1018,17): error TS17004: Cannot use JSX unless the '--jsx' flag is provided.
app/sign-pdf/sign/page.tsx(1020,21): error TS17004: Cannot use JSX unless the '--jsx' flag is provided.
app/sign-pdf/sign/page.tsx(1021,25): error TS17004: Cannot use JSX unless the '--jsx' flag is provided.
app/sign-pdf/sign/page.tsx(1029,29): error TS17004: Cannot use JSX unless the '--jsx' flag is provided.
app/sign-pdf/sign/page.tsx(1031,25): error TS17004: Cannot use JSX unless the '--jsx' flag is provided.
app/sign-pdf/sign/page.tsx(1039,29): error TS17004: Cannot use JSX unless the '--jsx' flag is provided.
app/sign-pdf/sign/page.tsx(1043,21): error TS17004: Cannot use JSX unless the '--jsx' flag is provided.
app/sign-pdf/sign/page.tsx(1044,25): error TS17004: Cannot use JSX unless the '--jsx' flag is provided.
app/sign-pdf/sign/page.tsx(1045,29): error TS17004: Cannot use JSX unless the '--jsx' flag is provided.
app/sign-pdf/sign/page.tsx(1065,25): error TS17004: Cannot use JSX unless the '--jsx' flag is provided.
app/sign-pdf/sign/page.tsx(1069,17): error TS17004: Cannot use JSX unless the '--jsx' flag is provided.
app/sign-pdf/sign/page.tsx(1073,13): error TS17004: Cannot use JSX unless the '--jsx' flag is provided.
app/sign-pdf/sign/page.tsx(1077,21): error TS17004: Cannot use JSX unless the '--jsx' flag is provided.
app/sign-pdf/sign/page.tsx(1078,25): error TS17004: Cannot use JSX unless the '--jsx' flag is provided.
app/sign-pdf/sign/page.tsx(1087,17): error TS17004: Cannot use JSX unless the '--jsx' flag is provided.
app/sign-pdf/sign/page.tsx(1092,21): error TS17004: Cannot use JSX unless the '--jsx' flag is provided.
app/sign-pdf/sign/page.tsx(1094,25): error TS17004: Cannot use JSX unless the '--jsx' flag is provided.
app/sign-pdf/sign/page.tsx(1098,37): error TS17004: Cannot use JSX unless the '--jsx' flag is provided.
app/sign-pdf/sign/page.tsx(1109,41): error TS17004: Cannot use JSX unless the '--jsx' flag is provided.
app/sign-pdf/sign/page.tsx(1118,45): error TS17004: Cannot use JSX unless the '--jsx' flag is provided.
app/sign-pdf/sign/page.tsx(1119,49): error TS2322: Type '{ key: string; placed: PlacedSignature; onDelete: () => void; onMove: (dx: number, dy: number) => void; onResize: (dx: number, dy: number) => void; }' is not assignable to type '{ placed: PlacedSignature; onDelete: () => void; onResize: (dx: number, dy: number) => void; onMove: (dx: number, dy: number) => void; }'.
  Property 'key' does not exist on type '{ placed: PlacedSignature; onDelete: () => void; onResize: (dx: number, dy: number) => void; onMove: (dx: number, dy: number) => void; }'.
app/sign-pdf/sign/page.tsx(1136,17): error TS17004: Cannot use JSX unless the '--jsx' flag is provided.
app/sign-pdf/sign/page.tsx(1141,21): error TS17004: Cannot use JSX unless the '--jsx' flag is provided.
app/sign-pdf/sign/page.tsx(1142,25): error TS17004: Cannot use JSX unless the '--jsx' flag is provided.
app/sign-pdf/sign/page.tsx(1143,29): error TS17004: Cannot use JSX unless the '--jsx' flag is provided.
app/sign-pdf/sign/page.tsx(1149,21): error TS17004: Cannot use JSX unless the '--jsx' flag is provided.
app/sign-pdf/sign/page.tsx(1150,25): error TS17004: Cannot use JSX unless the '--jsx' flag is provided.
app/sign-pdf/sign/page.tsx(1156,25): error TS17004: Cannot use JSX unless the '--jsx' flag is provided.
app/sign-pdf/sign/page.tsx(1165,25): error TS17004: Cannot use JSX unless the '--jsx' flag is provided.
app/sign-pdf/sign/page.tsx(1167,29): error TS17004: Cannot use JSX unless the '--jsx' flag is provided.
app/sign-pdf/sign/page.tsx(1168,33): error TS17004: Cannot use JSX unless the '--jsx' flag is provided.
app/sign-pdf/sign/page.tsx(1169,33): error TS17004: Cannot use JSX unless the '--jsx' flag is provided.
app/sign-pdf/sign/page.tsx(1174,29): error TS17004: Cannot use JSX unless the '--jsx' flag is provided.
app/sign-pdf/sign/page.tsx(1176,33): error TS17004: Cannot use JSX unless the '--jsx' flag is provided.
app/sign-pdf/sign/page.tsx(1180,37): error TS17004: Cannot use JSX unless the '--jsx' flag is provided.
app/sign-pdf/sign/page.tsx(1186,37): error TS17004: Cannot use JSX unless the '--jsx' flag is provided.
app/sign-pdf/sign/page.tsx(1187,41): error TS17004: Cannot use JSX unless the '--jsx' flag is provided.
app/sign-pdf/sign/page.tsx(1188,41): error TS17004: Cannot use JSX unless the '--jsx' flag is provided.
app/sign-pdf/sign/page.tsx(1190,49): error TS17004: Cannot use JSX unless the '--jsx' flag is provided.
app/sign-pdf/sign/page.tsx(1204,53): error TS17004: Cannot use JSX unless the '--jsx' flag is provided.
app/sign-pdf/sign/page.tsx(1205,57): error TS17004: Cannot use JSX unless the '--jsx' flag is provided.
app/sign-pdf/sign/page.tsx(1209,53): error TS17004: Cannot use JSX unless the '--jsx' flag is provided.
app/sign-pdf/sign/page.tsx(1210,57): error TS17004: Cannot use JSX unless the '--jsx' flag is provided.
app/sign-pdf/sign/page.tsx(1214,53): error TS17004: Cannot use JSX unless the '--jsx' flag is provided.
app/sign-pdf/sign/page.tsx(1215,57): error TS17004: Cannot use JSX unless the '--jsx' flag is provided.
app/sign-pdf/sign/page.tsx(1220,61): error TS17004: Cannot use JSX unless the '--jsx' flag is provided.
app/sign-pdf/sign/page.tsx(1222,57): error TS17004: Cannot use JSX unless the '--jsx' flag is provided.
app/sign-pdf/sign/page.tsx(1227,61): error TS17004: Cannot use JSX unless the '--jsx' flag is provided.
app/sign-pdf/sign/page.tsx(1237,33): error TS17004: Cannot use JSX unless the '--jsx' flag is provided.
app/sign-pdf/sign/page.tsx(1238,37): error TS17004: Cannot use JSX unless the '--jsx' flag is provided.
app/sign-pdf/sign/page.tsx(1239,37): error TS17004: Cannot use JSX unless the '--jsx' flag is provided.
app/sign-pdf/sign/page.tsx(1241,53): error TS17004: Cannot use JSX unless the '--jsx' flag is provided.
app/sign-pdf/sign/page.tsx(1242,53): error TS17004: Cannot use JSX unless the '--jsx' flag is provided.
app/sign-pdf/sign/page.tsx(1243,53): error TS17004: Cannot use JSX unless the '--jsx' flag is provided.
app/sign-pdf/sign/page.tsx(1245,45): error TS17004: Cannot use JSX unless the '--jsx' flag is provided.
app/sign-pdf/sign/page.tsx(1278,49): error TS17004: Cannot use JSX unless the '--jsx' flag is provided.
app/sign-pdf/sign/page.tsx(1279,53): error TS17004: Cannot use JSX unless the '--jsx' flag is provided.
app/sign-pdf/sign/page.tsx(1282,49): error TS17004: Cannot use JSX unless the '--jsx' flag is provided.
app/sign-pdf/sign/page.tsx(1285,49): error TS17004: Cannot use JSX unless the '--jsx' flag is provided.
app/sign-pdf/sign/page.tsx(1286,53): error TS17004: Cannot use JSX unless the '--jsx' flag is provided.
app/sign-pdf/sign/page.tsx(1287,53): error TS17004: Cannot use JSX unless the '--jsx' flag is provided.
app/sign-pdf/sign/page.tsx(1296,29): error TS17004: Cannot use JSX unless the '--jsx' flag is provided.
app/sign-pdf/sign/page.tsx(1297,33): error TS17004: Cannot use JSX unless the '--jsx' flag is provided.
app/sign-pdf/sign/page.tsx(1302,52): error TS17004: Cannot use JSX unless the '--jsx' flag is provided.
app/sign-pdf/sign/page.tsx(1302,105): error TS17004: Cannot use JSX unless the '--jsx' flag is provided.
app/sign-pdf/sign/page.tsx(1306,37): error TS17004: Cannot use JSX unless the '--jsx' flag is provided.
app/sign-pdf/sign/page.tsx(1315,25): error TS17004: Cannot use JSX unless the '--jsx' flag is provided.
app/sign-pdf/sign/page.tsx(1316,29): error TS17004: Cannot use JSX unless the '--jsx' flag is provided.
app/sign-pdf/sign/page.tsx(1317,33): error TS17004: Cannot use JSX unless the '--jsx' flag is provided.
app/sign-pdf/sign/page.tsx(1319,29): error TS17004: Cannot use JSX unless the '--jsx' flag is provided.
app/sign-pdf/sign/page.tsx(1320,33): error TS17004: Cannot use JSX unless the '--jsx' flag is provided.
app/sign-pdf/sign/page.tsx(1321,33): error TS17004: Cannot use JSX unless the '--jsx' flag is provided.
app/sign-pdf/sign/page.tsx(1325,29): error TS17004: Cannot use JSX unless the '--jsx' flag is provided.
app/sign-pdf/sign/page.tsx(1333,17): error TS17004: Cannot use JSX unless the '--jsx' flag is provided.
app/sign-pdf/sign/page.tsx(1334,21): error TS17004: Cannot use JSX unless the '--jsx' flag is provided.
app/sign-pdf/sign/page.tsx(1338,25): error TS17004: Cannot use JSX unless the '--jsx' flag is provided.
app/sign-pdf/sign/page.tsx(1340,21): error TS17004: Cannot use JSX unless the '--jsx' flag is provided.
app/sign-pdf/sign/page.tsx(1345,40): error TS17004: Cannot use JSX unless the '--jsx' flag is provided.
app/sign-pdf/sign/page.tsx(1345,93): error TS17004: Cannot use JSX unless the '--jsx' flag is provided.
app/sign-pdf/sign/page.tsx(1354,21): error TS17004: Cannot use JSX unless the '--jsx' flag is provided.
